============================= test session starts =============================
platform win32 -- Python 3.13.7, pytest-9.0.2, pluggy-1.6.0 -- D:\python\python3.13\python.exe
cachedir: .pytest_cache
hypothesis profile 'default'
rootdir: E:\Desktop\南华\Project\invoice-management
plugins: anyio-4.9.0, hypothesis-6.148.7, langsmith-0.4.4, cov-4.1.0
collecting ... [DEBUG] Project root: E:\Desktop\南华\Project\invoice-management
[DEBUG] Database path: E:\Desktop\南华\Project\invoice-management\data\invoices.db
[DEBUG] Database exists: True
collected 1 item

tests/test_e2e_optional_invoice_upload.py::TestCompleteUserWorkflow::test_complete_manual_record_workflow [DEBUG] Project root: E:\Desktop\南华\Project\invoice-management
[DEBUG] Database path: E:\Desktop\南华\Project\invoice-management\data\invoices.db
[DEBUG] Database exists: True
DEBUG: Create response status: 200
DEBUG: Create response: {'message': '手动记录创建成功', 'record': {'amount': '150.50', 'invoice_date': '2025-12-28', 'invoice_number': 'MANUAL-20251228-173138-OGZU', 'item_name': '办公用品', 'record_type': 'manual', 'reimbursement_person_id': None, 'reimbursement_person_name': '', 'remark': '购买文具', 'scan_time': '2025-12-28T17:31:38.177069', 'uploaded_by': '测试用户', 'voucher_count': 0}, 'success': True}
DEBUG: Checking if record exists by trying to get it directly
DEBUG: Detail response status: 200
DEBUG: Detail response: {'amount': '150.50', 'file_path': 'MANUAL', 'invoice_date': '2025-12-28', 'invoice_number': 'MANUAL-20251228-173138-OGZU', 'item_name': '办公用品', 'record_type': 'manual', 'reimbursement_person_id': None, 'reimbursement_person_name': '', 'reimbursement_status': '未报销', 'remark': '购买文具', 'scan_time': '2025-12-28T17:31:38.177069', 'time_ago': '刚刚', 'uploaded_by': '测试用户', 'voucher_count': 0, 'vouchers': []}
DEBUG: Record exists and can be retrieved directly
DEBUG: List response: {'invoice_amount': '0', 'invoice_count': 0, 'invoices': [], 'manual_amount': '0', 'manual_count': 0, 'total_amount': '0', 'total_count': 0}
DEBUG: Total count: 0
DEBUG: Record exists but not in list - likely a filtering issue
DEBUG: This suggests uploaded_by mismatch between create and list
FAILED

=========================== short test summary info ===========================
FAILED tests/test_e2e_optional_invoice_upload.py::TestCompleteUserWorkflow::test_complete_manual_record_workflow
============================== 1 failed in 5.04s ==============================
